// Jest Snapshot v1, https://goo.gl/fbAQLP

exports[`JSXRenderer database properties (advanced) matches snapshot for a database table 1`] = `
"import React from 'react';





export function NotionContent({ components = {} }) {
  return (
    <div className=\\"notion-content\\"><table className=\\"notion-table\\"><thead className=\\"notion-table-head\\"><tr className=\\"notion-table-header-row\\"><th className=\\"notion-table-header\\">Name</th><th className=\\"notion-table-header\\">Age</th></tr></thead><tbody className=\\"notion-table-body\\"><tr className=\\"notion-table-row\\"><td className=\\"notion-table-cell\\">John</td><td className=\\"notion-table-cell\\">25</td></tr></tbody></table>
</div>
  );
}"
`;
